+----------+-----------------------+
| COUNT(*) | COALESCE(SUM(size),0) |
+----------+-----------------------+
|     6435 |           58203971855 |
+----------+-----------------------+
+------------------------+------------+
| q                      | ms         |
+------------------------+------------+
| E1 recent naive warmup | 21952.4090 |
+------------------------+------------+
+-----------------------+----------+
| Variable_name         | Value    |
+-----------------------+----------+
| Handler_read_key      | 0        |
| Handler_read_next     | 30000000 |
| Handler_read_rnd_next | 0        |
+-----------------------+----------+
+----------+-----------------------+
| COUNT(*) | COALESCE(SUM(size),0) |
+----------+-----------------------+
|     6435 |           58203971855 |
+----------+-----------------------+
+-----------------+------------+
| q               | ms         |
+-----------------+------------+
| E1 recent naive | 21418.1230 |
+-----------------+------------+
+-----------------------+----------+
| Variable_name         | Value    |
+-----------------------+----------+
| Handler_read_key      | 0        |
| Handler_read_next     | 30000000 |
| Handler_read_rnd_next | 0        |
+-----------------------+----------+
+----------+-----------------------+
| COUNT(*) | COALESCE(SUM(size),0) |
+----------+-----------------------+
|     6435 |           58203971855 |
+----------+-----------------------+
+---------------------------+-----------+
| q                         | ms        |
+---------------------------+-----------+
| E1 recent cookbook warmup | 1118.8030 |
+---------------------------+-----------+
+-----------------------+--------+
| Variable_name         | Value  |
+-----------------------+--------+
| Handler_read_key      | 734    |
| Handler_read_next     | 115180 |
| Handler_read_rnd_next | 0      |
+-----------------------+--------+
+----------+-----------------------+
| COUNT(*) | COALESCE(SUM(size),0) |
+----------+-----------------------+
|     6435 |           58203971855 |
+----------+-----------------------+
+--------------------+----------+
| q                  | ms       |
+--------------------+----------+
| E1 recent cookbook | 238.4250 |
+--------------------+----------+
+-----------------------+--------+
| Variable_name         | Value  |
+-----------------------+--------+
| Handler_read_key      | 734    |
| Handler_read_next     | 115180 |
| Handler_read_rnd_next | 0      |
+-----------------------+--------+
+----------+-----------------------+
| COUNT(*) | COALESCE(SUM(size),0) |
+----------+-----------------------+
|     6467 |           58308773192 |
+----------+-----------------------+
+---------------------+-----------+
| q                   | ms        |
+---------------------+-----------+
| E1 mid naive warmup | 9763.2770 |
+---------------------+-----------+
+-----------------------+----------+
| Variable_name         | Value    |
+-----------------------+----------+
| Handler_read_key      | 0        |
| Handler_read_next     | 15081967 |
| Handler_read_rnd_next | 0        |
+-----------------------+----------+
+----------+-----------------------+
| COUNT(*) | COALESCE(SUM(size),0) |
+----------+-----------------------+
|     6467 |           58308773192 |
+----------+-----------------------+
+--------------+-----------+
| q            | ms        |
+--------------+-----------+
| E1 mid naive | 4884.0040 |
+--------------+-----------+
+-----------------------+----------+
| Variable_name         | Value    |
+-----------------------+----------+
| Handler_read_key      | 0        |
| Handler_read_next     | 15081967 |
| Handler_read_rnd_next | 0        |
+-----------------------+----------+
+----------+-----------------------+
| COUNT(*) | COALESCE(SUM(size),0) |
+----------+-----------------------+
|     6467 |           58308773192 |
+----------+-----------------------+
+------------------------+----------+
| q                      | ms       |
+------------------------+----------+
| E1 mid cookbook warmup | 177.0850 |
+------------------------+----------+
+-----------------------+--------+
| Variable_name         | Value  |
+-----------------------+--------+
| Handler_read_key      | 370    |
| Handler_read_next     | 100438 |
| Handler_read_rnd_next | 0      |
+-----------------------+--------+
+----------+-----------------------+
| COUNT(*) | COALESCE(SUM(size),0) |
+----------+-----------------------+
|     6467 |           58308773192 |
+----------+-----------------------+
+-----------------+----------+
| q               | ms       |
+-----------------+----------+
| E1 mid cookbook | 157.5510 |
+-----------------+----------+
+-----------------------+--------+
| Variable_name         | Value  |
+-----------------------+--------+
| Handler_read_key      | 370    |
| Handler_read_next     | 100438 |
| Handler_read_rnd_next | 0      |
+-----------------------+--------+
+----------+-----------------------+
| COUNT(*) | COALESCE(SUM(size),0) |
+----------+-----------------------+
|     5644 |           50725687276 |
+----------+-----------------------+
+---------------------+----------+
| q                   | ms       |
+---------------------+----------+
| E1 old naive warmup | 204.7610 |
+---------------------+----------+
+-----------------------+--------+
| Variable_name         | Value  |
+-----------------------+--------+
| Handler_read_key      | 0      |
| Handler_read_next     | 655737 |
| Handler_read_rnd_next | 0      |
+-----------------------+--------+
+----------+-----------------------+
| COUNT(*) | COALESCE(SUM(size),0) |
+----------+-----------------------+
|     5644 |           50725687276 |
+----------+-----------------------+
+--------------+----------+
| q            | ms       |
+--------------+----------+
| E1 old naive | 200.1820 |
+--------------+----------+
+-----------------------+--------+
| Variable_name         | Value  |
+-----------------------+--------+
| Handler_read_key      | 0      |
| Handler_read_next     | 655737 |
| Handler_read_rnd_next | 0      |
+-----------------------+--------+
+----------+-----------------------+
| COUNT(*) | COALESCE(SUM(size),0) |
+----------+-----------------------+
|     5644 |           50725687276 |
+----------+-----------------------+
+------------------------+----------+
| q                      | ms       |
+------------------------+----------+
| E1 old cookbook warmup | 123.2490 |
+------------------------+----------+
+-----------------------+-------+
| Variable_name         | Value |
+-----------------------+-------+
| Handler_read_key      | 18    |
| Handler_read_next     | 85879 |
| Handler_read_rnd_next | 0     |
+-----------------------+-------+
+----------+-----------------------+
| COUNT(*) | COALESCE(SUM(size),0) |
+----------+-----------------------+
|     5644 |           50725687276 |
+----------+-----------------------+
+-----------------+----------+
| q               | ms       |
+-----------------+----------+
| E1 old cookbook | 104.8160 |
+-----------------+----------+
+-----------------------+-------+
| Variable_name         | Value |
+-----------------------+-------+
| Handler_read_key      | 18    |
| Handler_read_next     | 85879 |
| Handler_read_rnd_next | 0     |
+-----------------------+-------+
+----------+-----------------------+
| COUNT(*) | COALESCE(SUM(size),0) |
+----------+-----------------------+
|     6467 |           58308773192 |
+----------+-----------------------+
+-----------------------------+----------+
| q                           | ms       |
+-----------------------------+----------+
| E2 mid cookbook partitioned | 157.8500 |
+-----------------------------+----------+
+-----------------------+--------+
| Variable_name         | Value  |
+-----------------------+--------+
| Handler_read_key      | 370    |
| Handler_read_next     | 100438 |
| Handler_read_rnd_next | 0      |
+-----------------------+--------+
+----------+-----------------------+
| COUNT(*) | COALESCE(SUM(size),0) |
+----------+-----------------------+
|     6467 |           58308773192 |
+----------+-----------------------+
+------------------------+-----------+
| q                      | ms        |
+------------------------+-----------+
| E2 mid cookbook nopart | 1280.1880 |
+------------------------+-----------+
+-----------------------+--------+
| Variable_name         | Value  |
+-----------------------+--------+
| Handler_read_key      | 2      |
| Handler_read_next     | 100438 |
| Handler_read_rnd_next | 0      |
+-----------------------+--------+
+------+-------------+---------------+-----------------------------------------------------------------------------------------------------------------------------------------------------------------------------------------------------------------------------------------------------------------------------------------------------------------------------------------------------------------------------------------------------------------------------------------------------------------------------------------------------------------------------------------------------------------------------------------------------------------------------------------------------------------------------------------------------------------------------------------------------------------------------------------------------------------------------------------------------------------------------------------------------------------------------------------------------------------------------------------------------------------------------------------------------------------------------------------------------------------------------------------------------------------------------------------------------------------------------------------------------------------------------------------------------------------------------------------------------------------------------------------------------------------------------------------------------------------------------------------------------------------------------------------------------------------------------------------------------------------------------------------------------------------------------------------------------------------------------------------------------------------------------------------------------------------------------------------------------------------------------------------------------------------------------------------------------------------------------------------------------------------------------------------------------------------------------------------------------------------+-------+--------------------------------------------------+----------------------+---------+------+-------+-------------+
| id   | select_type | table         | partitions                                                                                                                                                                                                                                                                                                                                                                                                                                                                                                                                                                                                                                                                                                                                                                                                                                                                                                                                                                                                                                                       | type  | possible_keys                                    | key                  | key_len | ref  | rows  | Extra       |
+------+-------------+---------------+-----------------------------------------------------------------------------------------------------------------------------------------------------------------------------------------------------------------------------------------------------------------------------------------------------------------------------------------------------------------------------------------------------------------------------------------------------------------------------------------------------------------------------------------------------------------------------------------------------------------------------------------------------------------------------------------------------------------------------------------------------------------------------------------------------------------------------------------------------------------------------------------------------------------------------------------------------------------------------------------------------------------------------------------------------------------------------------------------------------------------------------------------------------------------------------------------------------------------------------------------------------------------------------------------------------------------------------------------------------------------------------------------------------------------------------------------------------------------------------------------------------------------------------------------------------------------------------------------------------------------------------------------------------------------------------------------------------------------------------------------------------------------------------------------------------------------------------------------------------------------------------------------------------------------------------------------------------------------------------------------------------------------------------------------------------------------------------------------------------------+-------+--------------------------------------------------+----------------------+---------+------+-------+-------------+
|    1 | SIMPLE      | archives_logs | p_floor,p_20240102,p_20240103,p_20240104,p_20240105,p_20240106,p_20240107,p_20240108,p_20240109,p_20240110,p_20240111,p_20240112,p_20240113,p_20240114,p_20240115,p_20240116,p_20240117,p_20240118,p_20240119,p_20240120,p_20240121,p_20240122,p_20240123,p_20240124,p_20240125,p_20240126,p_20240127,p_20240128,p_20240129,p_20240130,p_20240131,p_20240201,p_20240202,p_20240203,p_20240204,p_20240205,p_20240206,p_20240207,p_20240208,p_20240209,p_20240210,p_20240211,p_20240212,p_20240213,p_20240214,p_20240215,p_20240216,p_20240217,p_20240218,p_20240219,p_20240220,p_20240221,p_20240222,p_20240223,p_20240224,p_20240225,p_20240226,p_20240227,p_20240228,p_20240229,p_20240301,p_20240302,p_20240303,p_20240304,p_20240305,p_20240306,p_20240307,p_20240308,p_20240309,p_20240310,p_20240311,p_20240312,p_20240313,p_20240314,p_20240315,p_20240316,p_20240317,p_20240318,p_20240319,p_20240320,p_20240321,p_20240322,p_20240323,p_20240324,p_20240325,p_20240326,p_20240327,p_20240328,p_20240329,p_20240330,p_20240331,p_20240401,p_20240402,p_20240403,p_20240404,p_20240405,p_20240406,p_20240407,p_20240408,p_20240409,p_20240410,p_20240411,p_20240412,p_20240413,p_20240414,p_20240415,p_20240416,p_20240417,p_20240418,p_20240419,p_20240420,p_20240421,p_20240422,p_20240423,p_20240424,p_20240425,p_20240426,p_20240427,p_20240428,p_20240429,p_20240430,p_20240501,p_20240502,p_20240503,p_20240504,p_20240505,p_20240506,p_20240507,p_20240508,p_20240509,p_20240510,p_20240511,p_20240512,p_20240513,p_20240514,p_20240515,p_20240516,p_20240517,p_20240518,p_20240519,p_20240520,p_20240521,p_20240522,p_20240523,p_20240524,p_20240525,p_20240526,p_20240527,p_20240528,p_20240529,p_20240530,p_20240531,p_20240601,p_20240602,p_20240603,p_20240604,p_20240605,p_20240606,p_20240607,p_20240608,p_20240609,p_20240610,p_20240611,p_20240612,p_20240613,p_20240614,p_20240615,p_20240616,p_20240617,p_20240618,p_20240619,p_20240620,p_20240621,p_20240622,p_20240623,p_20240624,p_20240625,p_20240626,p_20240627,p_20240628,p_20240629,p_20240630,p_20240701,p_20240702,p_20240703 | range | PRIMARY,archives_time_lookup,archives_expiration | archives_time_lookup | 18      | NULL | 59581 | Using where |
+------+-------------+---------------+-----------------------------------------------------------------------------------------------------------------------------------------------------------------------------------------------------------------------------------------------------------------------------------------------------------------------------------------------------------------------------------------------------------------------------------------------------------------------------------------------------------------------------------------------------------------------------------------------------------------------------------------------------------------------------------------------------------------------------------------------------------------------------------------------------------------------------------------------------------------------------------------------------------------------------------------------------------------------------------------------------------------------------------------------------------------------------------------------------------------------------------------------------------------------------------------------------------------------------------------------------------------------------------------------------------------------------------------------------------------------------------------------------------------------------------------------------------------------------------------------------------------------------------------------------------------------------------------------------------------------------------------------------------------------------------------------------------------------------------------------------------------------------------------------------------------------------------------------------------------------------------------------------------------------------------------------------------------------------------------------------------------------------------------------------------------------------------------------------------------+-------+--------------------------------------------------+----------------------+---------+------+-------+-------------+
