+----------+-----------------------+
| COUNT(*) | COALESCE(SUM(size),0) |
+----------+-----------------------+
|     6467 |           58308773192 |
+----------+-----------------------+
+------------------------+----------+
| q                      | ms       |
+------------------------+----------+
| E2b nopart-warm warmup | 212.3380 |
+------------------------+----------+
+-------------------+--------+
| Variable_name     | Value  |
+-------------------+--------+
| Handler_read_next | 100438 |
+-------------------+--------+
+----------+-----------------------+
| COUNT(*) | COALESCE(SUM(size),0) |
+----------+-----------------------+
|     6467 |           58308773192 |
+----------+-----------------------+
+------------------------+----------+
| q                      | ms       |
+------------------------+----------+
| E2b nopart-warm warmup | 167.8020 |
+------------------------+----------+
+-------------------+--------+
| Variable_name     | Value  |
+-------------------+--------+
| Handler_read_next | 100438 |
+-------------------+--------+
+----------+-----------------------+
| COUNT(*) | COALESCE(SUM(size),0) |
+----------+-----------------------+
|     6467 |           58308773192 |
+----------+-----------------------+
+-----------------+----------+
| q               | ms       |
+-----------------+----------+
| E2b nopart-warm | 166.3750 |
+-----------------+----------+
+-------------------+--------+
| Variable_name     | Value  |
+-------------------+--------+
| Handler_read_next | 100438 |
+-------------------+--------+
+--------+-------------+
| SUM(c) | SUM(s)      |
+--------+-------------+
|   6467 | 58308773192 |
+--------+-------------+
+------------------------+----------+
| q                      | ms       |
+------------------------+----------+
| E2c union-split warmup | 278.7040 |
+------------------------+----------+
+-------------------+--------+
| Variable_name     | Value  |
+-------------------+--------+
| Handler_read_next | 178912 |
+-------------------+--------+
+--------+-------------+
| SUM(c) | SUM(s)      |
+--------+-------------+
|   6467 | 58308773192 |
+--------+-------------+
+-----------------+----------+
| q               | ms       |
+-----------------+----------+
| E2c union-split | 240.5340 |
+-----------------+----------+
+-------------------+--------+
| Variable_name     | Value  |
+-------------------+--------+
| Handler_read_next | 178912 |
+-------------------+--------+
+------+-------------+---------------+-----------------------+-------+--------------------------------------------------+----------------------+---------+------+-------+--------------------------+
| id   | select_type | table         | partitions            | type  | possible_keys                                    | key                  | key_len | ref  | rows  | Extra                    |
+------+-------------+---------------+-----------------------+-------+--------------------------------------------------+----------------------+---------+------+-------+--------------------------+
|    1 | SIMPLE      | archives_logs | p_20240702,p_20240703 | range | PRIMARY,archives_time_lookup,archives_expiration | archives_time_lookup | 18      | NULL | 44261 | Using where; Using index |
+------+-------------+---------------+-----------------------+-------+--------------------------------------------------+----------------------+---------+------+-------+--------------------------+
