+--------------+----------+---------------------+---------------------+----------+
| dataset_name | id       | begin_timestamp     | end_timestamp       | size     |
+--------------+----------+---------------------+---------------------+----------+
| logs         |  9873194 | 1714474335966398613 | 1717063028112586999 | 10838468 |
| logs         |  9926886 | 1714530931007328508 | 1717118581617121649 |  7091855 |
| logs         |  9935655 | 1714540175185096569 | 1717063124243474819 | 11328853 |
| logs         |  9938279 | 1714542940094425527 | 1717104783264864562 |  7190014 |
| logs         |  9975681 | 1714582365004123390 | 1717037544275181076 |  9045466 |
| metrics      |  1666622 | 1714607714554492655 | 1717086308320671542 |  6601656 |
| traces       |  1667165 | 1714611146899409899 | 1717062260968439754 |  7353029 |
| logs         | 10013055 | 1714621760692052918 | 1717074547087766946 |  6760057 |
| logs         | 10034164 | 1714644011453049849 | 1717034681597191729 |  7474576 |
| logs         | 10058810 | 1714669989822786930 | 1717246866247401004 |  9608805 |
| logs         | 10072524 | 1714684445745469634 | 1717161110393537920 |  9715192 |
| logs         | 10073130 | 1714685084618101047 | 1717171566355883463 |  7782794 |
| logs         | 10073671 | 1714685654973297818 | 1717243801105091823 |  8352490 |
| logs         | 10077710 | 1714689912219757403 | 1717270366020186961 | 10495836 |
| logs         | 10092080 | 1714705059051956236 | 1717255524558393512 |  7756590 |
| metrics      |  1686800 | 1714735328334605232 | 1717248714185740908 |  6922188 |
| logs         | 10121797 | 1714736383187237961 | 1717083077189659903 |  9765684 |
| logs         | 10128012 | 1714742934232589784 | 1717082464032140117 | 10414523 |
| logs         | 10131429 | 1714746535697637400 | 1717211450326406346 |  6392656 |
| metrics      |  1689467 | 1714752195913639360 | 1717152606948100793 |  9973660 |
| logs         | 10143774 | 1714759548763397900 | 1717237853025087512 |  8637150 |
| logs         | 10149063 | 1714765124162637484 | 1717264424684402287 | 10093878 |
| logs         | 10151763 | 1714767969906942184 | 1717174678229779004 |  9490963 |
| logs         | 10161953 | 1714778710507971833 | 1717279887259398793 |  6960935 |
| logs         | 10168721 | 1714785845283208609 | 1717234266536650172 | 11287610 |
| logs         | 10171040 | 1714788289263442346 | 1717058252260997970 |  6001162 |
| traces       |  1695451 | 1714790041884427575 | 1717303378675563330 |  6027946 |
| logs         | 10178623 | 1714796282279743608 | 1717170880962303551 |  6760591 |
| logs         | 10186235 | 1714804305727154134 | 1717145168620511509 | 11934146 |
| logs         | 10188691 | 1714806894926895698 | 1717317035342444491 |  8755137 |
| logs         | 10191472 | 1714809826086917965 | 1717185256718845524 | 10960125 |
| logs         | 10194357 | 1714812867078089656 | 1717384925170811440 |  8741146 |
| logs         | 10202336 | 1714821278257166977 | 1717171875876174993 |  7866519 |
| logs         | 10207303 | 1714826513865768247 | 1717283307859441268 |  6510108 |
| traces       |  1702770 | 1714836329032046788 | 1717032976461626002 |  7614164 |
| traces       |  1703342 | 1714839947782923050 | 1717146866561801001 |  9036859 |
| logs         | 10223378 | 1714843458074255391 | 1717234903801578989 |  8405837 |
| logs         | 10223790 | 1714843891643819537 | 1717412639020023724 |  6273879 |
| logs         | 10233102 | 1714853707342527748 | 1717188030438346782 |  8698156 |
| logs         | 10234356 | 1714855029204830511 | 1717413661286015976 | 11134300 |
| logs         | 10243743 | 1714864924177659185 | 1717333754896388091 | 11974992 |
| logs         | 10247337 | 1714868711935792181 | 1717094623497603601 |  8659106 |
| metrics      |  1709392 | 1714878214367880191 | 1717197742064698427 | 11274506 |
| logs         | 10263583 | 1714885837254222194 | 1717462464462860994 |  8302248 |
| logs         | 10265309 | 1714887655904728987 | 1717176747256133237 |  8714914 |
| logs         | 10268900 | 1714891441727947137 | 1717438935317436342 | 11142636 |
| metrics      |  1711633 | 1714892383090681741 | 1717389421534045824 |  6435988 |
| logs         | 10276930 | 1714899906231258230 | 1717244418616154631 |  9112042 |
| logs         | 10280773 | 1714903956712912815 | 1717216436231253682 | 10529128 |
| logs         | 10284941 | 1714908349792263519 | 1717201547370730101 |  7908118 |
| logs         | 10286143 | 1714909616800896531 | 1717261854721979075 |  8406782 |
| logs         | 10295314 | 1714919284021028845 | 1717263401634275974 | 11786267 |
| logs         | 10308412 | 1714933090014396815 | 1717245620179441866 | 10519892 |
| logs         | 10309579 | 1714934320585039830 | 1717174472653143236 |  9437709 |
| logs         | 10310290 | 1714935069614882621 | 1717129715498012187 |  7699439 |
| traces       |  1719050 | 1714939296235799246 | 1717311976478332131 |  9055313 |
| logs         | 10318313 | 1714943526957552589 | 1717052480148753435 |  7356961 |
| metrics      |  1721478 | 1714954651523774683 | 1717475111712380032 | 10091345 |
| logs         | 10329722 | 1714955553012592381 | 1717298380355103118 | 10412769 |
| logs         | 10331911 | 1714957860363667161 | 1717071011767479167 |  6373320 |
| metrics      |  1722913 | 1714963722990720982 | 1717186621788851251 | 11845068 |
| logs         | 10337681 | 1714963942390288135 | 1717529164262941502 | 10193500 |
| logs         | 10339741 | 1714966113432749140 | 1717512600764289788 | 11633979 |
| traces       |  1724951 | 1714976615071896430 | 1717525784244196578 | 11665690 |
| logs         | 10349938 | 1714976862119538975 | 1717044311169429481 | 11390839 |
| logs         | 10351436 | 1714978441494511480 | 1717258221091397447 |  6232062 |
| traces       |  1725644 | 1714980995368246751 | 1717268405996972397 |  6270932 |
| logs         | 10354197 | 1714981351804876590 | 1717080420693574629 |  9877157 |
| logs         | 10365503 | 1714993268417153313 | 1717069757455587168 |  6756617 |
| logs         | 10368243 | 1714996157157569500 | 1717107427101019423 | 11181731 |
| logs         | 10369770 | 1714997767154464431 | 1717132777460130366 |  7918534 |
| logs         | 10372457 | 1715000598926540644 | 1717084829020568965 | 10668899 |
| metrics      |  1728802 | 1715000972422054225 | 1717259665023735834 |  9826297 |
| logs         | 10375020 | 1715003300424862678 | 1717185412618950740 | 10739546 |
| traces       |  1729695 | 1715006618053930116 | 1717296320187440957 |  7168513 |
| traces       |  1731074 | 1715015338401316044 | 1717257541227195563 |  7946493 |
| traces       |  1731818 | 1715020047979026258 | 1717416508574940682 | 10863135 |
| logs         | 10390935 | 1715020076147501670 | 1717301510609682641 |  8063006 |
| logs         | 10396512 | 1715025954390399367 | 1717223968223860360 |  7940946 |
| logs         | 10398334 | 1715027875816280053 | 1717040781977944752 |  9573373 |
| logs         | 10399615 | 1715029225312339602 | 1717231751208953811 | 11140516 |
| traces       |  1734593 | 1715037597046815722 | 1717343116280806313 | 10431461 |
| logs         | 10409544 | 1715039691462479002 | 1717394233754575960 |  9035935 |
| logs         | 10410165 | 1715040346573126528 | 1717179231202796982 | 11432789 |
| logs         | 10417272 | 1715047837875332068 | 1717535946605947063 | 11670808 |
| logs         | 10419333 | 1715050009661107119 | 1717151094494002098 |  9562462 |
| traces       |  1737627 | 1715056786978449087 | 1717185691633372713 |  9356664 |
| metrics      |  1738104 | 1715059801510220045 | 1717038487750288697 | 10762359 |
| metrics      |  1738691 | 1715063511405836480 | 1717031766650739675 | 10321335 |
| logs         | 10432206 | 1715063578650116867 | 1717593926324607634 |  7907472 |
| logs         | 10434509 | 1715066006920068862 | 1717106055122598398 | 10401206 |
| logs         | 10436487 | 1715068091609832345 | 1717267048110245182 |  6655128 |
| logs         | 10437428 | 1715069083367484157 | 1717594529958681197 |  9916345 |
| logs         | 10441687 | 1715073573084414862 | 1717194909883448856 |  7909063 |
| logs         | 10445680 | 1715077782305951563 | 1717472672330923015 |  6338362 |
| logs         | 10446491 | 1715078636805716235 | 1717072051607453082 |  9782203 |
| logs         | 10450122 | 1715082464127467654 | 1717336237843456154 |  7735698 |
| traces       |  1742280 | 1715086209438434967 | 1717616449265475195 | 11820277 |
| logs         | 10456353 | 1715089032042748660 | 1717052563460269965 | 10261528 |
| logs         | 10456355 | 1715089034271002581 | 1717362547576336216 | 11553050 |
+--------------+----------+---------------------+---------------------+----------+
+----------------------+------------+
| q                    | ms         |
+----------------------+------------+
| E4 outer-only warmup | 12018.9090 |
+----------------------+------------+
+-----------------------+----------+
| Variable_name         | Value    |
+-----------------------+----------+
| Handler_read_key      | 23       |
| Handler_read_next     | 19672133 |
| Handler_read_rnd_next | 3754299  |
+-----------------------+----------+
+--------------+----------+---------------------+---------------------+----------+
| dataset_name | id       | begin_timestamp     | end_timestamp       | size     |
+--------------+----------+---------------------+---------------------+----------+
| logs         |  9873194 | 1714474335966398613 | 1717063028112586999 | 10838468 |
| logs         |  9926886 | 1714530931007328508 | 1717118581617121649 |  7091855 |
| logs         |  9935655 | 1714540175185096569 | 1717063124243474819 | 11328853 |
| logs         |  9938279 | 1714542940094425527 | 1717104783264864562 |  7190014 |
| logs         |  9975681 | 1714582365004123390 | 1717037544275181076 |  9045466 |
| metrics      |  1666622 | 1714607714554492655 | 1717086308320671542 |  6601656 |
| traces       |  1667165 | 1714611146899409899 | 1717062260968439754 |  7353029 |
| logs         | 10013055 | 1714621760692052918 | 1717074547087766946 |  6760057 |
| logs         | 10034164 | 1714644011453049849 | 1717034681597191729 |  7474576 |
| logs         | 10058810 | 1714669989822786930 | 1717246866247401004 |  9608805 |
| logs         | 10072524 | 1714684445745469634 | 1717161110393537920 |  9715192 |
| logs         | 10073130 | 1714685084618101047 | 1717171566355883463 |  7782794 |
| logs         | 10073671 | 1714685654973297818 | 1717243801105091823 |  8352490 |
| logs         | 10077710 | 1714689912219757403 | 1717270366020186961 | 10495836 |
| logs         | 10092080 | 1714705059051956236 | 1717255524558393512 |  7756590 |
| metrics      |  1686800 | 1714735328334605232 | 1717248714185740908 |  6922188 |
| logs         | 10121797 | 1714736383187237961 | 1717083077189659903 |  9765684 |
| logs         | 10128012 | 1714742934232589784 | 1717082464032140117 | 10414523 |
| logs         | 10131429 | 1714746535697637400 | 1717211450326406346 |  6392656 |
| metrics      |  1689467 | 1714752195913639360 | 1717152606948100793 |  9973660 |
| logs         | 10143774 | 1714759548763397900 | 1717237853025087512 |  8637150 |
| logs         | 10149063 | 1714765124162637484 | 1717264424684402287 | 10093878 |
| logs         | 10151763 | 1714767969906942184 | 1717174678229779004 |  9490963 |
| logs         | 10161953 | 1714778710507971833 | 1717279887259398793 |  6960935 |
| logs         | 10168721 | 1714785845283208609 | 1717234266536650172 | 11287610 |
| logs         | 10171040 | 1714788289263442346 | 1717058252260997970 |  6001162 |
| traces       |  1695451 | 1714790041884427575 | 1717303378675563330 |  6027946 |
| logs         | 10178623 | 1714796282279743608 | 1717170880962303551 |  6760591 |
| logs         | 10186235 | 1714804305727154134 | 1717145168620511509 | 11934146 |
| logs         | 10188691 | 1714806894926895698 | 1717317035342444491 |  8755137 |
| logs         | 10191472 | 1714809826086917965 | 1717185256718845524 | 10960125 |
| logs         | 10194357 | 1714812867078089656 | 1717384925170811440 |  8741146 |
| logs         | 10202336 | 1714821278257166977 | 1717171875876174993 |  7866519 |
| logs         | 10207303 | 1714826513865768247 | 1717283307859441268 |  6510108 |
| traces       |  1702770 | 1714836329032046788 | 1717032976461626002 |  7614164 |
| traces       |  1703342 | 1714839947782923050 | 1717146866561801001 |  9036859 |
| logs         | 10223378 | 1714843458074255391 | 1717234903801578989 |  8405837 |
| logs         | 10223790 | 1714843891643819537 | 1717412639020023724 |  6273879 |
| logs         | 10233102 | 1714853707342527748 | 1717188030438346782 |  8698156 |
| logs         | 10234356 | 1714855029204830511 | 1717413661286015976 | 11134300 |
| logs         | 10243743 | 1714864924177659185 | 1717333754896388091 | 11974992 |
| logs         | 10247337 | 1714868711935792181 | 1717094623497603601 |  8659106 |
| metrics      |  1709392 | 1714878214367880191 | 1717197742064698427 | 11274506 |
| logs         | 10263583 | 1714885837254222194 | 1717462464462860994 |  8302248 |
| logs         | 10265309 | 1714887655904728987 | 1717176747256133237 |  8714914 |
| logs         | 10268900 | 1714891441727947137 | 1717438935317436342 | 11142636 |
| metrics      |  1711633 | 1714892383090681741 | 1717389421534045824 |  6435988 |
| logs         | 10276930 | 1714899906231258230 | 1717244418616154631 |  9112042 |
| logs         | 10280773 | 1714903956712912815 | 1717216436231253682 | 10529128 |
| logs         | 10284941 | 1714908349792263519 | 1717201547370730101 |  7908118 |
| logs         | 10286143 | 1714909616800896531 | 1717261854721979075 |  8406782 |
| logs         | 10295314 | 1714919284021028845 | 1717263401634275974 | 11786267 |
| logs         | 10308412 | 1714933090014396815 | 1717245620179441866 | 10519892 |
| logs         | 10309579 | 1714934320585039830 | 1717174472653143236 |  9437709 |
| logs         | 10310290 | 1714935069614882621 | 1717129715498012187 |  7699439 |
| traces       |  1719050 | 1714939296235799246 | 1717311976478332131 |  9055313 |
| logs         | 10318313 | 1714943526957552589 | 1717052480148753435 |  7356961 |
| metrics      |  1721478 | 1714954651523774683 | 1717475111712380032 | 10091345 |
| logs         | 10329722 | 1714955553012592381 | 1717298380355103118 | 10412769 |
| logs         | 10331911 | 1714957860363667161 | 1717071011767479167 |  6373320 |
| metrics      |  1722913 | 1714963722990720982 | 1717186621788851251 | 11845068 |
| logs         | 10337681 | 1714963942390288135 | 1717529164262941502 | 10193500 |
| logs         | 10339741 | 1714966113432749140 | 1717512600764289788 | 11633979 |
| traces       |  1724951 | 1714976615071896430 | 1717525784244196578 | 11665690 |
| logs         | 10349938 | 1714976862119538975 | 1717044311169429481 | 11390839 |
| logs         | 10351436 | 1714978441494511480 | 1717258221091397447 |  6232062 |
| traces       |  1725644 | 1714980995368246751 | 1717268405996972397 |  6270932 |
| logs         | 10354197 | 1714981351804876590 | 1717080420693574629 |  9877157 |
| logs         | 10365503 | 1714993268417153313 | 1717069757455587168 |  6756617 |
| logs         | 10368243 | 1714996157157569500 | 1717107427101019423 | 11181731 |
| logs         | 10369770 | 1714997767154464431 | 1717132777460130366 |  7918534 |
| logs         | 10372457 | 1715000598926540644 | 1717084829020568965 | 10668899 |
| metrics      |  1728802 | 1715000972422054225 | 1717259665023735834 |  9826297 |
| logs         | 10375020 | 1715003300424862678 | 1717185412618950740 | 10739546 |
| traces       |  1729695 | 1715006618053930116 | 1717296320187440957 |  7168513 |
| traces       |  1731074 | 1715015338401316044 | 1717257541227195563 |  7946493 |
| traces       |  1731818 | 1715020047979026258 | 1717416508574940682 | 10863135 |
| logs         | 10390935 | 1715020076147501670 | 1717301510609682641 |  8063006 |
| logs         | 10396512 | 1715025954390399367 | 1717223968223860360 |  7940946 |
| logs         | 10398334 | 1715027875816280053 | 1717040781977944752 |  9573373 |
| logs         | 10399615 | 1715029225312339602 | 1717231751208953811 | 11140516 |
| traces       |  1734593 | 1715037597046815722 | 1717343116280806313 | 10431461 |
| logs         | 10409544 | 1715039691462479002 | 1717394233754575960 |  9035935 |
| logs         | 10410165 | 1715040346573126528 | 1717179231202796982 | 11432789 |
| logs         | 10417272 | 1715047837875332068 | 1717535946605947063 | 11670808 |
| logs         | 10419333 | 1715050009661107119 | 1717151094494002098 |  9562462 |
| traces       |  1737627 | 1715056786978449087 | 1717185691633372713 |  9356664 |
| metrics      |  1738104 | 1715059801510220045 | 1717038487750288697 | 10762359 |
| metrics      |  1738691 | 1715063511405836480 | 1717031766650739675 | 10321335 |
| logs         | 10432206 | 1715063578650116867 | 1717593926324607634 |  7907472 |
| logs         | 10434509 | 1715066006920068862 | 1717106055122598398 | 10401206 |
| logs         | 10436487 | 1715068091609832345 | 1717267048110245182 |  6655128 |
| logs         | 10437428 | 1715069083367484157 | 1717594529958681197 |  9916345 |
| logs         | 10441687 | 1715073573084414862 | 1717194909883448856 |  7909063 |
| logs         | 10445680 | 1715077782305951563 | 1717472672330923015 |  6338362 |
| logs         | 10446491 | 1715078636805716235 | 1717072051607453082 |  9782203 |
| logs         | 10450122 | 1715082464127467654 | 1717336237843456154 |  7735698 |
| traces       |  1742280 | 1715086209438434967 | 1717616449265475195 | 11820277 |
| logs         | 10456353 | 1715089032042748660 | 1717052563460269965 | 10261528 |
| logs         | 10456355 | 1715089034271002581 | 1717362547576336216 | 11553050 |
+--------------+----------+---------------------+---------------------+----------+
+---------------+------------+
| q             | ms         |
+---------------+------------+
| E4 outer-only | 10824.1590 |
+---------------+------------+
+-----------------------+----------+
| Variable_name         | Value    |
+-----------------------+----------+
| Handler_read_key      | 0        |
| Handler_read_next     | 19672133 |
| Handler_read_rnd_next | 3754299  |
+-----------------------+----------+
+--------------+----------+---------------------+---------------------+----------+
| dataset_name | id       | begin_timestamp     | end_timestamp       | size     |
+--------------+----------+---------------------+---------------------+----------+
| logs         |  9873194 | 1714474335966398613 | 1717063028112586999 | 10838468 |
| logs         |  9926886 | 1714530931007328508 | 1717118581617121649 |  7091855 |
| logs         |  9935655 | 1714540175185096569 | 1717063124243474819 | 11328853 |
| logs         |  9938279 | 1714542940094425527 | 1717104783264864562 |  7190014 |
| logs         |  9975681 | 1714582365004123390 | 1717037544275181076 |  9045466 |
| metrics      |  1666622 | 1714607714554492655 | 1717086308320671542 |  6601656 |
| traces       |  1667165 | 1714611146899409899 | 1717062260968439754 |  7353029 |
| logs         | 10013055 | 1714621760692052918 | 1717074547087766946 |  6760057 |
| logs         | 10034164 | 1714644011453049849 | 1717034681597191729 |  7474576 |
| logs         | 10058810 | 1714669989822786930 | 1717246866247401004 |  9608805 |
| logs         | 10072524 | 1714684445745469634 | 1717161110393537920 |  9715192 |
| logs         | 10073130 | 1714685084618101047 | 1717171566355883463 |  7782794 |
| logs         | 10073671 | 1714685654973297818 | 1717243801105091823 |  8352490 |
| logs         | 10077710 | 1714689912219757403 | 1717270366020186961 | 10495836 |
| logs         | 10092080 | 1714705059051956236 | 1717255524558393512 |  7756590 |
| metrics      |  1686800 | 1714735328334605232 | 1717248714185740908 |  6922188 |
| logs         | 10121797 | 1714736383187237961 | 1717083077189659903 |  9765684 |
| logs         | 10128012 | 1714742934232589784 | 1717082464032140117 | 10414523 |
| logs         | 10131429 | 1714746535697637400 | 1717211450326406346 |  6392656 |
| metrics      |  1689467 | 1714752195913639360 | 1717152606948100793 |  9973660 |
| logs         | 10143774 | 1714759548763397900 | 1717237853025087512 |  8637150 |
| logs         | 10149063 | 1714765124162637484 | 1717264424684402287 | 10093878 |
| logs         | 10151763 | 1714767969906942184 | 1717174678229779004 |  9490963 |
| logs         | 10161953 | 1714778710507971833 | 1717279887259398793 |  6960935 |
| logs         | 10168721 | 1714785845283208609 | 1717234266536650172 | 11287610 |
| logs         | 10171040 | 1714788289263442346 | 1717058252260997970 |  6001162 |
| traces       |  1695451 | 1714790041884427575 | 1717303378675563330 |  6027946 |
| logs         | 10178623 | 1714796282279743608 | 1717170880962303551 |  6760591 |
| logs         | 10186235 | 1714804305727154134 | 1717145168620511509 | 11934146 |
| logs         | 10188691 | 1714806894926895698 | 1717317035342444491 |  8755137 |
| logs         | 10191472 | 1714809826086917965 | 1717185256718845524 | 10960125 |
| logs         | 10194357 | 1714812867078089656 | 1717384925170811440 |  8741146 |
| logs         | 10202336 | 1714821278257166977 | 1717171875876174993 |  7866519 |
| logs         | 10207303 | 1714826513865768247 | 1717283307859441268 |  6510108 |
| traces       |  1702770 | 1714836329032046788 | 1717032976461626002 |  7614164 |
| traces       |  1703342 | 1714839947782923050 | 1717146866561801001 |  9036859 |
| logs         | 10223378 | 1714843458074255391 | 1717234903801578989 |  8405837 |
| logs         | 10223790 | 1714843891643819537 | 1717412639020023724 |  6273879 |
| logs         | 10233102 | 1714853707342527748 | 1717188030438346782 |  8698156 |
| logs         | 10234356 | 1714855029204830511 | 1717413661286015976 | 11134300 |
| logs         | 10243743 | 1714864924177659185 | 1717333754896388091 | 11974992 |
| logs         | 10247337 | 1714868711935792181 | 1717094623497603601 |  8659106 |
| metrics      |  1709392 | 1714878214367880191 | 1717197742064698427 | 11274506 |
| logs         | 10263583 | 1714885837254222194 | 1717462464462860994 |  8302248 |
| logs         | 10265309 | 1714887655904728987 | 1717176747256133237 |  8714914 |
| logs         | 10268900 | 1714891441727947137 | 1717438935317436342 | 11142636 |
| metrics      |  1711633 | 1714892383090681741 | 1717389421534045824 |  6435988 |
| logs         | 10276930 | 1714899906231258230 | 1717244418616154631 |  9112042 |
| logs         | 10280773 | 1714903956712912815 | 1717216436231253682 | 10529128 |
| logs         | 10284941 | 1714908349792263519 | 1717201547370730101 |  7908118 |
| logs         | 10286143 | 1714909616800896531 | 1717261854721979075 |  8406782 |
| logs         | 10295314 | 1714919284021028845 | 1717263401634275974 | 11786267 |
| logs         | 10308412 | 1714933090014396815 | 1717245620179441866 | 10519892 |
| logs         | 10309579 | 1714934320585039830 | 1717174472653143236 |  9437709 |
| logs         | 10310290 | 1714935069614882621 | 1717129715498012187 |  7699439 |
| traces       |  1719050 | 1714939296235799246 | 1717311976478332131 |  9055313 |
| logs         | 10318313 | 1714943526957552589 | 1717052480148753435 |  7356961 |
| metrics      |  1721478 | 1714954651523774683 | 1717475111712380032 | 10091345 |
| logs         | 10329722 | 1714955553012592381 | 1717298380355103118 | 10412769 |
| logs         | 10331911 | 1714957860363667161 | 1717071011767479167 |  6373320 |
| metrics      |  1722913 | 1714963722990720982 | 1717186621788851251 | 11845068 |
| logs         | 10337681 | 1714963942390288135 | 1717529164262941502 | 10193500 |
| logs         | 10339741 | 1714966113432749140 | 1717512600764289788 | 11633979 |
| traces       |  1724951 | 1714976615071896430 | 1717525784244196578 | 11665690 |
| logs         | 10349938 | 1714976862119538975 | 1717044311169429481 | 11390839 |
| logs         | 10351436 | 1714978441494511480 | 1717258221091397447 |  6232062 |
| traces       |  1725644 | 1714980995368246751 | 1717268405996972397 |  6270932 |
| logs         | 10354197 | 1714981351804876590 | 1717080420693574629 |  9877157 |
| logs         | 10365503 | 1714993268417153313 | 1717069757455587168 |  6756617 |
| logs         | 10368243 | 1714996157157569500 | 1717107427101019423 | 11181731 |
| logs         | 10369770 | 1714997767154464431 | 1717132777460130366 |  7918534 |
| logs         | 10372457 | 1715000598926540644 | 1717084829020568965 | 10668899 |
| metrics      |  1728802 | 1715000972422054225 | 1717259665023735834 |  9826297 |
| logs         | 10375020 | 1715003300424862678 | 1717185412618950740 | 10739546 |
| traces       |  1729695 | 1715006618053930116 | 1717296320187440957 |  7168513 |
| traces       |  1731074 | 1715015338401316044 | 1717257541227195563 |  7946493 |
| traces       |  1731818 | 1715020047979026258 | 1717416508574940682 | 10863135 |
| logs         | 10390935 | 1715020076147501670 | 1717301510609682641 |  8063006 |
| logs         | 10396512 | 1715025954390399367 | 1717223968223860360 |  7940946 |
| logs         | 10398334 | 1715027875816280053 | 1717040781977944752 |  9573373 |
| logs         | 10399615 | 1715029225312339602 | 1717231751208953811 | 11140516 |
| traces       |  1734593 | 1715037597046815722 | 1717343116280806313 | 10431461 |
| logs         | 10409544 | 1715039691462479002 | 1717394233754575960 |  9035935 |
| logs         | 10410165 | 1715040346573126528 | 1717179231202796982 | 11432789 |
| logs         | 10417272 | 1715047837875332068 | 1717535946605947063 | 11670808 |
| logs         | 10419333 | 1715050009661107119 | 1717151094494002098 |  9562462 |
| traces       |  1737627 | 1715056786978449087 | 1717185691633372713 |  9356664 |
| metrics      |  1738104 | 1715059801510220045 | 1717038487750288697 | 10762359 |
| metrics      |  1738691 | 1715063511405836480 | 1717031766650739675 | 10321335 |
| logs         | 10432206 | 1715063578650116867 | 1717593926324607634 |  7907472 |
| logs         | 10434509 | 1715066006920068862 | 1717106055122598398 | 10401206 |
| logs         | 10436487 | 1715068091609832345 | 1717267048110245182 |  6655128 |
| logs         | 10437428 | 1715069083367484157 | 1717594529958681197 |  9916345 |
| logs         | 10441687 | 1715073573084414862 | 1717194909883448856 |  7909063 |
| logs         | 10445680 | 1715077782305951563 | 1717472672330923015 |  6338362 |
| logs         | 10446491 | 1715078636805716235 | 1717072051607453082 |  9782203 |
| logs         | 10450122 | 1715082464127467654 | 1717336237843456154 |  7735698 |
| traces       |  1742280 | 1715086209438434967 | 1717616449265475195 | 11820277 |
| logs         | 10456353 | 1715089032042748660 | 1717052563460269965 | 10261528 |
| logs         | 10456355 | 1715089034271002581 | 1717362547576336216 | 11553050 |
+--------------+----------+---------------------+---------------------+----------+
+----------------------+-----------+
| q                    | ms        |
+----------------------+-----------+
| E4 per-branch warmup | 8298.4870 |
+----------------------+-----------+
+-----------------------+----------+
| Variable_name         | Value    |
+-----------------------+----------+
| Handler_read_key      | 0        |
| Handler_read_next     | 19672133 |
| Handler_read_rnd_next | 301      |
+-----------------------+----------+
+--------------+----------+---------------------+---------------------+----------+
| dataset_name | id       | begin_timestamp     | end_timestamp       | size     |
+--------------+----------+---------------------+---------------------+----------+
| logs         |  9873194 | 1714474335966398613 | 1717063028112586999 | 10838468 |
| logs         |  9926886 | 1714530931007328508 | 1717118581617121649 |  7091855 |
| logs         |  9935655 | 1714540175185096569 | 1717063124243474819 | 11328853 |
| logs         |  9938279 | 1714542940094425527 | 1717104783264864562 |  7190014 |
| logs         |  9975681 | 1714582365004123390 | 1717037544275181076 |  9045466 |
| metrics      |  1666622 | 1714607714554492655 | 1717086308320671542 |  6601656 |
| traces       |  1667165 | 1714611146899409899 | 1717062260968439754 |  7353029 |
| logs         | 10013055 | 1714621760692052918 | 1717074547087766946 |  6760057 |
| logs         | 10034164 | 1714644011453049849 | 1717034681597191729 |  7474576 |
| logs         | 10058810 | 1714669989822786930 | 1717246866247401004 |  9608805 |
| logs         | 10072524 | 1714684445745469634 | 1717161110393537920 |  9715192 |
| logs         | 10073130 | 1714685084618101047 | 1717171566355883463 |  7782794 |
| logs         | 10073671 | 1714685654973297818 | 1717243801105091823 |  8352490 |
| logs         | 10077710 | 1714689912219757403 | 1717270366020186961 | 10495836 |
| logs         | 10092080 | 1714705059051956236 | 1717255524558393512 |  7756590 |
| metrics      |  1686800 | 1714735328334605232 | 1717248714185740908 |  6922188 |
| logs         | 10121797 | 1714736383187237961 | 1717083077189659903 |  9765684 |
| logs         | 10128012 | 1714742934232589784 | 1717082464032140117 | 10414523 |
| logs         | 10131429 | 1714746535697637400 | 1717211450326406346 |  6392656 |
| metrics      |  1689467 | 1714752195913639360 | 1717152606948100793 |  9973660 |
| logs         | 10143774 | 1714759548763397900 | 1717237853025087512 |  8637150 |
| logs         | 10149063 | 1714765124162637484 | 1717264424684402287 | 10093878 |
| logs         | 10151763 | 1714767969906942184 | 1717174678229779004 |  9490963 |
| logs         | 10161953 | 1714778710507971833 | 1717279887259398793 |  6960935 |
| logs         | 10168721 | 1714785845283208609 | 1717234266536650172 | 11287610 |
| logs         | 10171040 | 1714788289263442346 | 1717058252260997970 |  6001162 |
| traces       |  1695451 | 1714790041884427575 | 1717303378675563330 |  6027946 |
| logs         | 10178623 | 1714796282279743608 | 1717170880962303551 |  6760591 |
| logs         | 10186235 | 1714804305727154134 | 1717145168620511509 | 11934146 |
| logs         | 10188691 | 1714806894926895698 | 1717317035342444491 |  8755137 |
| logs         | 10191472 | 1714809826086917965 | 1717185256718845524 | 10960125 |
| logs         | 10194357 | 1714812867078089656 | 1717384925170811440 |  8741146 |
| logs         | 10202336 | 1714821278257166977 | 1717171875876174993 |  7866519 |
| logs         | 10207303 | 1714826513865768247 | 1717283307859441268 |  6510108 |
| traces       |  1702770 | 1714836329032046788 | 1717032976461626002 |  7614164 |
| traces       |  1703342 | 1714839947782923050 | 1717146866561801001 |  9036859 |
| logs         | 10223378 | 1714843458074255391 | 1717234903801578989 |  8405837 |
| logs         | 10223790 | 1714843891643819537 | 1717412639020023724 |  6273879 |
| logs         | 10233102 | 1714853707342527748 | 1717188030438346782 |  8698156 |
| logs         | 10234356 | 1714855029204830511 | 1717413661286015976 | 11134300 |
| logs         | 10243743 | 1714864924177659185 | 1717333754896388091 | 11974992 |
| logs         | 10247337 | 1714868711935792181 | 1717094623497603601 |  8659106 |
| metrics      |  1709392 | 1714878214367880191 | 1717197742064698427 | 11274506 |
| logs         | 10263583 | 1714885837254222194 | 1717462464462860994 |  8302248 |
| logs         | 10265309 | 1714887655904728987 | 1717176747256133237 |  8714914 |
| logs         | 10268900 | 1714891441727947137 | 1717438935317436342 | 11142636 |
| metrics      |  1711633 | 1714892383090681741 | 1717389421534045824 |  6435988 |
| logs         | 10276930 | 1714899906231258230 | 1717244418616154631 |  9112042 |
| logs         | 10280773 | 1714903956712912815 | 1717216436231253682 | 10529128 |
| logs         | 10284941 | 1714908349792263519 | 1717201547370730101 |  7908118 |
| logs         | 10286143 | 1714909616800896531 | 1717261854721979075 |  8406782 |
| logs         | 10295314 | 1714919284021028845 | 1717263401634275974 | 11786267 |
| logs         | 10308412 | 1714933090014396815 | 1717245620179441866 | 10519892 |
| logs         | 10309579 | 1714934320585039830 | 1717174472653143236 |  9437709 |
| logs         | 10310290 | 1714935069614882621 | 1717129715498012187 |  7699439 |
| traces       |  1719050 | 1714939296235799246 | 1717311976478332131 |  9055313 |
| logs         | 10318313 | 1714943526957552589 | 1717052480148753435 |  7356961 |
| metrics      |  1721478 | 1714954651523774683 | 1717475111712380032 | 10091345 |
| logs         | 10329722 | 1714955553012592381 | 1717298380355103118 | 10412769 |
| logs         | 10331911 | 1714957860363667161 | 1717071011767479167 |  6373320 |
| metrics      |  1722913 | 1714963722990720982 | 1717186621788851251 | 11845068 |
| logs         | 10337681 | 1714963942390288135 | 1717529164262941502 | 10193500 |
| logs         | 10339741 | 1714966113432749140 | 1717512600764289788 | 11633979 |
| traces       |  1724951 | 1714976615071896430 | 1717525784244196578 | 11665690 |
| logs         | 10349938 | 1714976862119538975 | 1717044311169429481 | 11390839 |
| logs         | 10351436 | 1714978441494511480 | 1717258221091397447 |  6232062 |
| traces       |  1725644 | 1714980995368246751 | 1717268405996972397 |  6270932 |
| logs         | 10354197 | 1714981351804876590 | 1717080420693574629 |  9877157 |
| logs         | 10365503 | 1714993268417153313 | 1717069757455587168 |  6756617 |
| logs         | 10368243 | 1714996157157569500 | 1717107427101019423 | 11181731 |
| logs         | 10369770 | 1714997767154464431 | 1717132777460130366 |  7918534 |
| logs         | 10372457 | 1715000598926540644 | 1717084829020568965 | 10668899 |
| metrics      |  1728802 | 1715000972422054225 | 1717259665023735834 |  9826297 |
| logs         | 10375020 | 1715003300424862678 | 1717185412618950740 | 10739546 |
| traces       |  1729695 | 1715006618053930116 | 1717296320187440957 |  7168513 |
| traces       |  1731074 | 1715015338401316044 | 1717257541227195563 |  7946493 |
| traces       |  1731818 | 1715020047979026258 | 1717416508574940682 | 10863135 |
| logs         | 10390935 | 1715020076147501670 | 1717301510609682641 |  8063006 |
| logs         | 10396512 | 1715025954390399367 | 1717223968223860360 |  7940946 |
| logs         | 10398334 | 1715027875816280053 | 1717040781977944752 |  9573373 |
| logs         | 10399615 | 1715029225312339602 | 1717231751208953811 | 11140516 |
| traces       |  1734593 | 1715037597046815722 | 1717343116280806313 | 10431461 |
| logs         | 10409544 | 1715039691462479002 | 1717394233754575960 |  9035935 |
| logs         | 10410165 | 1715040346573126528 | 1717179231202796982 | 11432789 |
| logs         | 10417272 | 1715047837875332068 | 1717535946605947063 | 11670808 |
| logs         | 10419333 | 1715050009661107119 | 1717151094494002098 |  9562462 |
| traces       |  1737627 | 1715056786978449087 | 1717185691633372713 |  9356664 |
| metrics      |  1738104 | 1715059801510220045 | 1717038487750288697 | 10762359 |
| metrics      |  1738691 | 1715063511405836480 | 1717031766650739675 | 10321335 |
| logs         | 10432206 | 1715063578650116867 | 1717593926324607634 |  7907472 |
| logs         | 10434509 | 1715066006920068862 | 1717106055122598398 | 10401206 |
| logs         | 10436487 | 1715068091609832345 | 1717267048110245182 |  6655128 |
| logs         | 10437428 | 1715069083367484157 | 1717594529958681197 |  9916345 |
| logs         | 10441687 | 1715073573084414862 | 1717194909883448856 |  7909063 |
| logs         | 10445680 | 1715077782305951563 | 1717472672330923015 |  6338362 |
| logs         | 10446491 | 1715078636805716235 | 1717072051607453082 |  9782203 |
| logs         | 10450122 | 1715082464127467654 | 1717336237843456154 |  7735698 |
| traces       |  1742280 | 1715086209438434967 | 1717616449265475195 | 11820277 |
| logs         | 10456353 | 1715089032042748660 | 1717052563460269965 | 10261528 |
| logs         | 10456355 | 1715089034271002581 | 1717362547576336216 | 11553050 |
+--------------+----------+---------------------+---------------------+----------+
+---------------+-----------+
| q             | ms        |
+---------------+-----------+
| E4 per-branch | 8044.4400 |
+---------------+-----------+
+-----------------------+----------+
| Variable_name         | Value    |
+-----------------------+----------+
| Handler_read_key      | 0        |
| Handler_read_next     | 19672133 |
| Handler_read_rnd_next | 301      |
+-----------------------+----------+
